  main.cpp
C:\Users\USER\Documents\data-structure-lab-2026-4\Lec10_Graph\Lec10_Graph\AdjMatGraph.h(95,7): error C2535: 'void WGraph::load(char *)': 멤버 함수를 이미 정의했거나 선언했습니다.
  (소스 파일 'main.cpp'을(를) 컴파일하는 중)
      C:\Users\USER\Documents\data-structure-lab-2026-4\Lec10_Graph\Lec10_Graph\AdjMatGraph.h(77,7):
      'WGraph::load' 선언을 참조하십시오.
  
C:\Users\USER\Documents\data-structure-lab-2026-4\Lec10_Graph\Lec10_Graph\AdjMatGraph.h(78,14): error C4996: 'fopen': This function or variable may be unsafe. Consider using fopen_s instead. To disable deprecation, use _CRT_SECURE_NO_WARNINGS. See online help for details.
  (소스 파일 'main.cpp'을(를) 컴파일하는 중)
  
C:\Users\USER\Documents\data-structure-lab-2026-4\Lec10_Graph\Lec10_Graph\AdjMatGraph.h(81,4): error C4996: 'fscanf': This function or variable may be unsafe. Consider using fscanf_s instead. To disable deprecation, use _CRT_SECURE_NO_WARNINGS. See online help for details.
  (소스 파일 'main.cpp'을(를) 컴파일하는 중)
  
C:\Users\USER\Documents\data-structure-lab-2026-4\Lec10_Graph\Lec10_Graph\AdjMatGraph.h(85,5): error C4996: 'fscanf': This function or variable may be unsafe. Consider using fscanf_s instead. To disable deprecation, use _CRT_SECURE_NO_WARNINGS. See online help for details.
  (소스 파일 'main.cpp'을(를) 컴파일하는 중)
  
C:\Users\USER\Documents\data-structure-lab-2026-4\Lec10_Graph\Lec10_Graph\AdjMatGraph.h(88,6): error C4996: 'fscanf': This function or variable may be unsafe. Consider using fscanf_s instead. To disable deprecation, use _CRT_SECURE_NO_WARNINGS. See online help for details.
  (소스 파일 'main.cpp'을(를) 컴파일하는 중)
  
C:\Users\USER\Documents\data-structure-lab-2026-4\Lec10_Graph\Lec10_Graph\AdjMatGraph.h(96,14): error C4996: 'fopen': This function or variable may be unsafe. Consider using fopen_s instead. To disable deprecation, use _CRT_SECURE_NO_WARNINGS. See online help for details.
  (소스 파일 'main.cpp'을(를) 컴파일하는 중)
  
C:\Users\USER\Documents\data-structure-lab-2026-4\Lec10_Graph\Lec10_Graph\AdjMatGraph.h(99,4): error C4996: 'fscanf': This function or variable may be unsafe. Consider using fscanf_s instead. To disable deprecation, use _CRT_SECURE_NO_WARNINGS. See online help for details.
  (소스 파일 'main.cpp'을(를) 컴파일하는 중)
  
C:\Users\USER\Documents\data-structure-lab-2026-4\Lec10_Graph\Lec10_Graph\AdjMatGraph.h(103,5): error C4996: 'fscanf': This function or variable may be unsafe. Consider using fscanf_s instead. To disable deprecation, use _CRT_SECURE_NO_WARNINGS. See online help for details.
  (소스 파일 'main.cpp'을(를) 컴파일하는 중)
  
C:\Users\USER\Documents\data-structure-lab-2026-4\Lec10_Graph\Lec10_Graph\main.cpp(3,6): warning C4326: 'main'의 반환 형식이 'int'이어야 하는데 'void'입니다.
C:\Users\USER\Documents\data-structure-lab-2026-4\Lec10_Graph\Lec10_Graph\main.cpp(32,5): error C2664: 'void WGraph::load(char *)': 인수 1을(를) 'const char [13]'에서 'char *'(으)로 변환할 수 없습니다.
      C:\Users\USER\Documents\data-structure-lab-2026-4\Lec10_Graph\Lec10_Graph\main.cpp(32,10):
      문자열 리터럴로부터의 변환은 const 한정자가 손실됩니다(/Zc:strictStrings 참조).
      C:\Users\USER\Documents\data-structure-lab-2026-4\Lec10_Graph\Lec10_Graph\AdjMatGraph.h(77,7):
      'WGraph::load' 선언을 참조하십시오.
      C:\Users\USER\Documents\data-structure-lab-2026-4\Lec10_Graph\Lec10_Graph\main.cpp(32,5):
      인수 목록 '(const char [13])'을(를) 일치시키는 동안
  
C:\Users\USER\Documents\data-structure-lab-2026-4\Lec10_Graph\Lec10_Graph\main.cpp(35,2): error C2562: 'main': 'void' 함수에서 값을 반환하고 있습니다.
      C:\Users\USER\Documents\data-structure-lab-2026-4\Lec10_Graph\Lec10_Graph\main.cpp(3,6):
      'main' 선언을 참조하십시오.
  
